// Jest Snapshot v1, https://goo.gl/fbAQLP

exports[`Should ReviewsColumn render correctly 1`] = `
<div
  className="movie-card__reviews-col"
>
  <div
    className="review"
  >
    <blockquote
      className="review__quote"
    >
      <p
        className="review__text"
      />
      <footer
        className="review__details"
      >
        <cite
          className="review__author"
        />
        <time
          className="review__date"
          dateTime="2016-12-20"
        />
      </footer>
    </blockquote>
    <div
      className="review__rating"
    />
  </div>
</div>
`;
